<html>
<body>
<pre>
<h1>µVision Build Log</h1>
<h2>Tool Versions:</h2>
IDE-Version: ¶ÃVision V5.41.0.0
Copyright (C) 2024 ARM Ltd and ARM Germany GmbH. All rights reserved.
License Information: a 1945409496@qq.com, aa, LIC=YA39H-W6VZW-BS6YX-HCT6M-8DHAN-K4KAY
 
Tool Versions:
Toolchain:       MDK-ARM Plus  Version: 5.41.0.0
Toolchain Path:  F:\keil5\ARM\ARMCC\Bin
C Compiler:      Armcc.exe V5.06 update 5 (build 528)
Assembler:       Armasm.exe V5.06 update 5 (build 528)
Linker/Locator:  ArmLink.exe V5.06 update 5 (build 528)
Library Manager: ArmAr.exe V5.06 update 5 (build 528)
Hex Converter:   FromElf.exe V5.06 update 5 (build 528)
CPU DLL:         SARMCM3.DLL V5.41.0.0
Dialog DLL:      DCM.DLL V1.17.5.0
Target DLL:      CMSIS_AGDI.dll V1.33.21.0
Dialog DLL:      TCM.DLL V1.56.4.0
 
<h2>Project:</h2>
C:\Users\19454\Desktop\¥Ô√Ó◊¿√Ê¬÷Õ»\serial-wheel-leg-main\¥˙¬Î\DM-legged_car2025_1_10\MDK-ARM\CtrlBoard-H7_IMU.uvprojx
Project File Date:  10/22/2025

<h2>Output:</h2>
*** Using Compiler 'V5.06 update 5 (build 528)', folder: 'F:\keil5\ARM\ARMCC\Bin'
Rebuild target 'CtrlBoard-H7_IMU'
assembling startup_stm32h723xx.s...
compiling memorymap.c...
compiling tim.c...
compiling stm32h7xx_hal_msp.c...
compiling stm32h7xx_hal_timebase_tim.c...
compiling gpio.c...
compiling fdcan.c...
compiling stm32h7xx_it.c...
compiling spi.c...
compiling dma.c...
compiling usart.c...
compiling freertos.c...
compiling stm32h7xx_hal_tim.c...
compiling main.c...
compiling stm32h7xx_hal_flash_ex.c...
compiling stm32h7xx_hal_gpio.c...
compiling stm32h7xx_hal_hsem.c...
compiling stm32h7xx_hal_pcd_ex.c...
compiling stm32h7xx_hal_flash.c...
compiling stm32h7xx_hal_mdma.c...
compiling stm32h7xx_hal_pcd.c...
compiling stm32h7xx_hal_tim_ex.c...
compiling stm32h7xx_ll_usb.c...
compiling stm32h7xx_hal_dma_ex.c...
compiling stm32h7xx_hal_rcc.c...
compiling stm32h7xx_hal_rcc_ex.c...
compiling stm32h7xx_hal_dma.c...
compiling stm32h7xx_hal_i2c_ex.c...
compiling stm32h7xx_hal_cortex.c...
compiling stm32h7xx_hal_pwr.c...
compiling stm32h7xx_hal_spi_ex.c...
compiling stm32h7xx_hal_exti.c...
compiling stm32h7xx_hal_uart_ex.c...
compiling stm32h7xx_hal.c...
compiling QuaternionEKF.c...
compiling stm32h7xx_hal_pwr_ex.c...
compiling croutine.c...
compiling kalman_filter.c...
compiling stm32h7xx_hal_spi.c...
compiling event_groups.c...
compiling list.c...
compiling queue.c...
compiling stream_buffer.c...
compiling tasks.c...
compiling timers.c...
compiling stm32h7xx_hal_uart.c...
compiling heap_4.c...
compiling stm32h7xx_hal_fdcan.c...
compiling cmsis_os.c...
compiling port.c...
compiling stm32h7xx_hal_i2c.c...
compiling system_stm32h7xx.c...
compiling bsp_PWM.c...
compiling dm4310_drv.c...
compiling pid.c...
compiling BMI088Middleware.c...
compiling bsp_dwt.c...
compiling BMI088driver.c...
compiling mahony_filter.c...
compiling bsp_vofa.c...
compiling user_lib.c...
compiling bsp_usart1.c...
compiling INS_task.c...
compiling can_bsp.c...
compiling chassisR_task.c...
compiling usbd_cdc_if.c...
compiling usbd_ctlreq.c...
compiling usbd_conf.c...
compiling usbd_desc.c...
compiling usbd_core.c...
compiling usbd_cdc.c...
compiling usbd_ioreq.c...
compiling bsp_sbus.c...
compiling usb_device.c...
compiling bsp_openmv.c...
compiling controller.c...
linking...
Program Size: Code=55408 RO-data=3056 RW-data=816 ZI-data=44376  
FromELF: creating hex file...
"CtrlBoard-H7_IMU\CtrlBoard-H7_IMU.axf" - 0 Error(s), 0 Warning(s).

<h2>Software Packages used:</h2>

Package Vendor: ARM
                https://www.keil.com/pack/ARM.CMSIS.6.1.0.pack
                ARM::CMSIS@6.1.0
                CMSIS (Common Microcontroller Software Interface Standard)
   * Component: CORE Version: 6.1.0

Package Vendor: Keil
                https://www.keil.com/pack/Keil.STM32H7xx_DFP.4.1.2.pack
                Keil::STM32H7xx_DFP@4.1.2
                STMicroelectronics STM32H7 Series Device Support

<h2>Collection of Component include folders:</h2>
  ./RTE/_CtrlBoard-H7_IMU
  F:/keil5/ARM/CMSIS/6.1.0/CMSIS/Core/Include

<h2>Collection of Component Files used:</h2>

   * Component: ARM::CMSIS:CORE@6.1.0
Build Time Elapsed:  00:00:53
</pre>
</body>
</html>
